// Jest Snapshot v1, https://goo.gl/fbAQLP

exports[`renders player 1`] = `
Array [
  <div
    className="container"
  >
    <div
      className="cardsContainer"
    >
      <div
        className="card"
      >
        <div
          className="mutateAction"
        >
          terraforming
        </div>
        <div
          className="benefit"
        >
          Rerum voluptatum optio voluptatem a quae saepe. Cumque quibusdam placeat corporis.
        </div>
        <p
          className="points"
        >
          2
        </p>
        <p
          className="colony"
        >
          COLONY
        </p>
        <p
          className="name"
        >
          tra la la la la la
        </p>
      </div>
    </div>
    <div
      className="cardsContainer"
    />
    <div
      className="cardsContainer"
    />
    <div
      className="cardsContainer"
    />
    <div
      className="cardsContainer"
    />
    <div
      className="round"
    >
      Round: 1
    </div>
  </div>,
  <div
    className="container"
  >
    <div
      className="delivery card   "
      onClick={[Function]}
    >
      <div>
        <div>
          <div
            className="nanotechnologies resource"
          >
            <div
              className="resName"
            >
               
              nanotechnologies
            </div>
          </div>
           
          <div />
        </div>
      </div>
    </div>
    <div
      className="engineering card   "
      onClick={[Function]}
    >
      <div
        className="start"
      >
        <div>
          start
        </div>
        <div
          className="entryPoint"
        >
          <div>
            <div>
              <div
                className="biotic-materials resource"
              >
                <div
                  className="resName"
                >
                   
                  biotic-materials
                </div>
              </div>
               
              <div />
            </div>
          </div>
        </div>
        <div
          className="exitPoint"
        >
          <div>
            1
          </div>
        </div>
      </div>
    </div>
    <div
      className="military card   "
      onClick={[Function]}
    >
      <div
        className="intelligence"
      >
        Intelligence
      </div>
    </div>
    <div
      className="terraforming card   "
      onClick={[Function]}
    >
      <div
        className="infoWrapper"
      >
        <div
          className="resourceWrapper"
        >
          <div>
            <div>
              <div
                className="nanotechnologies resource"
              >
                <div
                  className="resName"
                >
                   
                  nanotechnologies
                </div>
              </div>
               
              <div />
            </div>
          </div>
          <div>
            <div>
              <div
                className="nanotechnologies resource"
              >
                <div
                  className="resName"
                >
                   
                  nanotechnologies
                </div>
              </div>
               
              <div />
            </div>
          </div>
        </div>
        <div
          className="points"
        >
          4
        </div>
        <p
          className="cardName"
        >
          NANOREPLICATOR
        </p>
      </div>
    </div>
  </div>,
  <div
    className="container"
  >
    <div
      className="playerResources"
    >
      <div
        className="biotic"
      >
        0
        <div
          className="notification"
        />
      </div>
      <div
        className="fuel"
      >
        0
        <div
          className="notification"
        />
      </div>
      <div
        className="machinery"
      >
        0
        <div
          className="notification"
        />
      </div>
      <div
        className="minerals"
      >
        0
        <div
          className="notification"
        />
      </div>
      <div
        className="nanotechnologies"
      >
        0
        <div
          className="notification"
        />
      </div>
      <div
        className="dark"
      >
        0
        <div
          className="notification"
        />
      </div>
      <div
        className="energy"
      >
        Energy: 
        0
      </div>
      <div
        className="points"
      >
        TPs
        0
      </div>
    </div>
  </div>,
]
`;
