// Jest Snapshot v1, https://goo.gl/fbAQLP

exports[`Board snapshot 1`] = `
<div
  className="container"
>
  <div
    className="container"
  >
    <div
      className="garbage"
    >
      <div
        className="biotic"
      >
        0
      </div>
      <div
        className="fuel"
      >
        0
      </div>
      <div
        className="machinery"
      >
        0
      </div>
      <div
        className="minerals"
      >
        0
      </div>
      <div
        className="nanotechnologies"
      >
        0
      </div>
    </div>
  </div>
  <div
    className="colonyContainer"
  >
    <div
      className="colonyCards"
    >
      <div
        className="card"
        onClick={[Function]}
      >
        <div
          className="mutateAction"
        >
          delivery
        </div>
        <div
          className="benefit"
        >
          On Delivery one of your Delivery Station Modules ignores Space Garbage
        </div>
        <p
          className="points"
        />
        <p
          className="colony"
        >
          COLONY
        </p>
        <p
          className="name"
        >
          BLACK MARKET
        </p>
      </div>
      <div
        className="card"
        onClick={[Function]}
      >
        <div
          className="mutateAction"
        >
          delivery
        </div>
        <div
          className="benefit"
        >
          On Delivery one of your Delivery Station Modules ignores Space Garbage
        </div>
        <p
          className="points"
        />
        <p
          className="colony"
        >
          COLONY
        </p>
        <p
          className="name"
        >
          BLACK MARKET
        </p>
      </div>
      <div
        className="card"
        onClick={[Function]}
      >
        <div
          className="mutateAction"
        >
          delivery
        </div>
        <div
          className="benefit"
        >
          On Delivery one of your Delivery Station Modules ignores Space Garbage
        </div>
        <p
          className="points"
        />
        <p
          className="colony"
        >
          COLONY
        </p>
        <p
          className="name"
        >
          BLACK MARKET
        </p>
      </div>
    </div>
  </div>
  <div
    className="board"
  >
    <div
      className="delivery deck open"
      onClick={[Function]}
    >
      <div
        className="delivery card   "
      >
        <div>
          <div>
            <div
              className="fuel resource"
            >
              <div
                className="resName"
              >
                 
                fuel
              </div>
            </div>
             
            <div />
          </div>
        </div>
        <div>
          <div>
            <div
              className="fuel resource"
            >
              <div
                className="resName"
              >
                 
                fuel
              </div>
            </div>
             
            <div />
          </div>
        </div>
      </div>
    </div>
    <div
      className="delivery deck "
      onClick={[Function]}
    />
    <div
      className="engineering deck open"
      onClick={[Function]}
    >
      <div
        className="engineering card   "
      >
        <div
          className="continue"
        >
          <div>
            continue
          </div>
          <div
            className="entryPoint"
          />
          <div
            className="exitPoint"
          >
            <div>
              <div>
                <div
                  className="fuel resource"
                >
                  <div
                    className="resName"
                  >
                     
                    fuel
                  </div>
                </div>
                 
                <div />
              </div>
            </div>
          </div>
        </div>
      </div>
    </div>
    <div
      className="engineering deck "
      onClick={[Function]}
    />
    <div
      className="terraforming deck open"
      onClick={[Function]}
    >
      <div
        className="terraforming card   "
      >
        <div
          className="infoWrapper"
        >
          <div
            className="resourceWrapper"
          >
            <div>
              <div>
                <div
                  className="fuel resource"
                >
                  <div
                    className="resName"
                  >
                     
                    fuel
                  </div>
                </div>
                 
                <div />
              </div>
            </div>
            <div>
              <div>
                <div
                  className="fuel resource"
                >
                  <div
                    className="resName"
                  >
                     
                    fuel
                  </div>
                </div>
                /
                 
                <div />
              </div>
              <div>
                <div
                  className="biotic-materials resource"
                >
                  <div
                    className="resName"
                  >
                     
                    biotic-materials
                  </div>
                </div>
                /
                 
                <div />
              </div>
              <div>
                <div
                  className="minerals resource"
                >
                  <div
                    className="resName"
                  >
                     
                    minerals
                  </div>
                </div>
                 
                <div />
              </div>
            </div>
          </div>
          <div
            className="points"
          >
            2
          </div>
          <p
            className="cardName"
          >
            Power Station
          </p>
        </div>
      </div>
    </div>
    <div
      className="terraforming deck "
      onClick={[Function]}
    />
    <div
      className="military deck open"
      onClick={[Function]}
    >
      <div
        className="military card   "
      >
        <div
          className="fighters"
        >
          Fighters
        </div>
      </div>
    </div>
    <div
      className="military deck "
      onClick={[Function]}
    />
  </div>
</div>
`;
